******************************************************************************
                  TI ARM Linker PC v20.2.7                     
******************************************************************************
>> Linked Sat Feb  8 20:49:25 2025

OUTPUT FILE NAME:   <AUTOSAR_Project.out>
ENTRY POINT SYMBOL: "_c_int00_noargs"  address: 00001301


MEMORY CONFIGURATION

         name            origin    length      used     unused   attr    fill
----------------------  --------  ---------  --------  --------  ----  --------
  FLASH                 00000000   00040000  000014b8  0003eb48  R  X
  SRAM                  20000000   00008000  0000021c  00007de4  RW X


SEGMENT ALLOCATION MAP

run origin  load origin   length   init length attrs members
----------  ----------- ---------- ----------- ----- -------
00000000    00000000    000014bc   000014bc    r-x
  00000000    00000000    0000026c   0000026c    r-- .intvecs
  0000026c    0000026c    0000112a   0000112a    r-x .text
  00001396    00001396    00000106   00000106    r-- .const
  000014a0    000014a0    0000001c   0000001c    r-- .cinit
20000000    20000000    0000021c   00000000    rw-
  20000000    20000000    00000200   00000000    rw- .stack
  20000200    20000200    0000001c   00000000    rw- .data


SECTION ALLOCATION MAP

 output                                  attributes/
section   page    origin      length       input sections
--------  ----  ----------  ----------   ----------------
.intvecs   0    00000000    0000026c     
                  00000000    0000026c     tm4c123gh6pm_startup_ccs.obj (.intvecs)

.text      0    0000026c    0000112a     
                  0000026c    00000a04     Port.obj (.text)
                  00000c70    0000030c     Dio.obj (.text)
                  00000f7c    000000a8     Os.obj (.text)
                  00001024    0000009c     rtsv7M4_T_le_v4SPD16_eabi.lib : memcpy_t2.asm.obj (.text)
                  000010c0    0000007c     Button.obj (.text)
                  0000113c    0000007c     Gpt.obj (.text)
                  000011b8    00000068     rtsv7M4_T_le_v4SPD16_eabi.lib : copy_decompress_lzss.c.obj (.text:decompress:lzss:__TI_decompress_lzss)
                  00001220    0000005c     App.obj (.text)
                  0000127c    00000044     rtsv7M4_T_le_v4SPD16_eabi.lib : autoinit.c.obj (.text:__TI_auto_init_nobinit_nopinit:__TI_auto_init_nobinit_nopinit)
                  000012c0    0000003e     Led.obj (.text)
                  000012fe    00000002     --HOLE-- [fill = 0]
                  00001300    00000034     rtsv7M4_T_le_v4SPD16_eabi.lib : boot_cortex_m.c.obj (.text:_c_int00_noargs:_c_int00_noargs)
                  00001334    00000020     Mcu.obj (.text)
                  00001354    00000016     Det.obj (.text)
                  0000136a    0000000e     rtsv7M4_T_le_v4SPD16_eabi.lib : copy_decompress_none.c.obj (.text:decompress:none:__TI_decompress_none)
                  00001378    0000000c     tm4c123gh6pm_startup_ccs.obj (.text)
                  00001384    0000000a     main.obj (.text)
                  0000138e    00000004     rtsv7M4_T_le_v4SPD16_eabi.lib : pre_init.c.obj (.text:_system_pre_init)
                  00001392    00000004                                   : exit.c.obj (.text:abort:abort)

.const     0    00001396    00000106     
                  00001396    00000102     Port_PBcfg.obj (.const:Port_PinConfig)
                  00001498    00000004     Dio_PBcfg.obj (.const:Dio_Configuration)

.cinit     0    000014a0    0000001c     
                  000014a0    0000000c     (.cinit..data.load) [load image, compression = lzss]
                  000014ac    00000008     (__TI_handler_table)
                  000014b4    00000008     (__TI_cinit_table)

.init_array 
*          0    00000000    00000000     UNINITIALIZED

.data      0    20000200    0000001c     UNINITIALIZED
                  20000200    0000000b     Port.obj (.data)
                  2000020b    00000001     --HOLE--
                  2000020c    00000005     Dio.obj (.data)
                  20000211    00000003     Button.obj (.data)
                  20000214    00000004     Gpt.obj (.data)
                  20000218    00000002     App.obj (.data)
                  2000021a    00000002     Os.obj (.data)

.stack     0    20000000    00000200     UNINITIALIZED
                  20000000    00000004     rtsv7M4_T_le_v4SPD16_eabi.lib : boot_cortex_m.c.obj (.stack)
                  20000004    000001fc     --HOLE--

__llvm_prf_cnts 
*          0    20000000    00000000     UNINITIALIZED

MODULE SUMMARY

       Module                         code   ro data   rw data
       ------                         ----   -------   -------
    .\
       Port.obj                       2564   0         11     
       Dio.obj                        780    0         5      
       tm4c123gh6pm_startup_ccs.obj   12     620       0      
       Port_PBcfg.obj                 0      258       0      
       Os.obj                         168    0         2      
       Gpt.obj                        124    0         4      
       Button.obj                     124    0         3      
       App.obj                        92     0         2      
       Led.obj                        62     0         0      
       Mcu.obj                        32     0         0      
       Det.obj                        22     0         0      
       main.obj                       10     0         0      
       Dio_PBcfg.obj                  0      4         0      
    +--+------------------------------+------+---------+---------+
       Total:                         3990   882       27     
                                                              
    C:\ti\ccs1281\ccs\tools\compiler\ti-cgt-arm_20.2.7.LTS\lib\rtsv7M4_T_le_v4SPD16_eabi.lib
       memcpy_t2.asm.obj              156    0         0      
       copy_decompress_lzss.c.obj     104    0         0      
       autoinit.c.obj                 68     0         0      
       boot_cortex_m.c.obj            52     0         0      
       copy_decompress_none.c.obj     14     0         0      
       exit.c.obj                     4      0         0      
       pre_init.c.obj                 4      0         0      
    +--+------------------------------+------+---------+---------+
       Total:                         402    0         0      
                                                              
       Stack:                         0      0         512    
       Linker Generated:              0      28        0      
    +--+------------------------------+------+---------+---------+
       Grand Total:                   4392   910       539    


LINKER GENERATED COPY TABLES

__TI_cinit_table @ 000014b4 records: 1, size/record: 8, table size: 8
	.data: load addr=000014a0, load size=0000000c bytes, run addr=20000200, run size=0000001c bytes, compression=lzss


LINKER GENERATED HANDLER TABLE

__TI_handler_table @ 000014ac records: 2, size/record: 4, table size: 8
	index: 0, handler: __TI_decompress_lzss
	index: 1, handler: __TI_decompress_none


GLOBAL SYMBOLS: SORTED ALPHABETICALLY BY Name 

address   name                          
-------   ----                          
00001245  App_Task                      
000010c1  Button_GetState               
000010c7  Button_RefreshState           
00001235  Button_Task                   
00001393  C$$EXIT                       
00001355  Det_ReportError               
00001498  Dio_Configuration             
00000e4f  Dio_FlipChannel               
00000c71  Dio_Init                      
00000d75  Dio_ReadChannel               
00000c95  Dio_WriteChannel              
00001221  Init_Task                     
000012d9  Led_RefreshOutput             
000012cd  Led_SetOff                    
000012c1  Led_SetOn                     
0000123d  Led_Task                      
000012f1  Led_Toggle                    
00001335  Mcu_Init                      
00000f97  Os_NewTimerTick               
00000fa7  Os_Scheduler                  
00000f7d  Os_start                      
0000026d  PORT_Init                     
00000425  PORT_SetDirection             
20000200  PortGpio_Ptr                  
00001396  Port_PinConfig                
000005e1  Port_SetPinMode               
00001379  ResetISR                      
0000113d  SysTick_Handler               
00001195  SysTick_SetCallBack           
0000114d  SysTick_Start                 
0000118d  SysTick_Stop                  
20000200  __STACK_END                   
00000200  __STACK_SIZE                  
20000200  __STACK_TOP                   
000014b4  __TI_CINIT_Base               
000014bc  __TI_CINIT_Limit              
000014ac  __TI_Handler_Table_Base       
000014b4  __TI_Handler_Table_Limit      
0000127d  __TI_auto_init_nobinit_nopinit
000011b9  __TI_decompress_lzss          
0000136b  __TI_decompress_none          
ffffffff  __TI_pprof_out_hndl           
ffffffff  __TI_prof_data_size           
ffffffff  __TI_prof_data_start          
00000000  __TI_static_base__            
00001025  __aeabi_memcpy                
00001025  __aeabi_memcpy4               
00001025  __aeabi_memcpy8               
ffffffff  __binit__                     
ffffffff  __c_args__                    
UNDEFED   __mpu_init                    
20000000  __stack                       
20000000  __start___llvm_prf_cnts       
20000000  __stop___llvm_prf_cnts        
00001301  _c_int00_noargs               
UNDEFED   _system_post_cinit            
0000138f  _system_pre_init              
00001393  abort                         
ffffffff  binit                         
00000000  g_pfnVectors                  
00001385  main                          
00001025  memcpy                        


GLOBAL SYMBOLS: SORTED BY Symbol Address 

address   name                          
-------   ----                          
00000000  __TI_static_base__            
00000000  g_pfnVectors                  
00000200  __STACK_SIZE                  
0000026d  PORT_Init                     
00000425  PORT_SetDirection             
000005e1  Port_SetPinMode               
00000c71  Dio_Init                      
00000c95  Dio_WriteChannel              
00000d75  Dio_ReadChannel               
00000e4f  Dio_FlipChannel               
00000f7d  Os_start                      
00000f97  Os_NewTimerTick               
00000fa7  Os_Scheduler                  
00001025  __aeabi_memcpy                
00001025  __aeabi_memcpy4               
00001025  __aeabi_memcpy8               
00001025  memcpy                        
000010c1  Button_GetState               
000010c7  Button_RefreshState           
0000113d  SysTick_Handler               
0000114d  SysTick_Start                 
0000118d  SysTick_Stop                  
00001195  SysTick_SetCallBack           
000011b9  __TI_decompress_lzss          
00001221  Init_Task                     
00001235  Button_Task                   
0000123d  Led_Task                      
00001245  App_Task                      
0000127d  __TI_auto_init_nobinit_nopinit
000012c1  Led_SetOn                     
000012cd  Led_SetOff                    
000012d9  Led_RefreshOutput             
000012f1  Led_Toggle                    
00001301  _c_int00_noargs               
00001335  Mcu_Init                      
00001355  Det_ReportError               
0000136b  __TI_decompress_none          
00001379  ResetISR                      
00001385  main                          
0000138f  _system_pre_init              
00001393  C$$EXIT                       
00001393  abort                         
00001396  Port_PinConfig                
00001498  Dio_Configuration             
000014ac  __TI_Handler_Table_Base       
000014b4  __TI_CINIT_Base               
000014b4  __TI_Handler_Table_Limit      
000014bc  __TI_CINIT_Limit              
20000000  __stack                       
20000000  __start___llvm_prf_cnts       
20000000  __stop___llvm_prf_cnts        
20000200  PortGpio_Ptr                  
20000200  __STACK_END                   
20000200  __STACK_TOP                   
ffffffff  __TI_pprof_out_hndl           
ffffffff  __TI_prof_data_size           
ffffffff  __TI_prof_data_start          
ffffffff  __binit__                     
ffffffff  __c_args__                    
ffffffff  binit                         
UNDEFED   __mpu_init                    
UNDEFED   _system_post_cinit            

[62 symbols]
